
> @workspace/api-server@0.0.0 dev /app/apps/server
> pnpm run build && pnpm run start


> @workspace/api-server@0.0.0 build /app/apps/server
> node ./build.mjs

node:internal/modules/package_json_reader:314
  throw new ERR_MODULE_NOT_FOUND(packageName, fileURLToPath(base), null);
        ^

Error [ERR_MODULE_NOT_FOUND]: Cannot find package 'esbuild' imported from /app/apps/server/build.mjs
    at Object.getPackageJSONURL (node:internal/modules/package_json_reader:314:9)
    at packageResolve (node:internal/modules/esm/resolve:768:81)
    at moduleResolve (node:internal/modules/esm/resolve:855:18)
    at defaultResolve (node:internal/modules/esm/resolve:985:11)
    at #cachedDefaultResolve (node:internal/modules/esm/loader:731:20)
    at ModuleLoader.resolve (node:internal/modules/esm/loader:708:38)
    at ModuleLoader.getModuleJobForImport (node:internal/modules/esm/loader:310:38)
    at ModuleJob._link (node:internal/modules/esm/module_job:182:49) {
  code: 'ERR_MODULE_NOT_FOUND'
}

Node.js v22.22.1
 ELIFECYCLE  Command failed with exit code 1.
 WARN   Local package.json exists, but node_modules missing, did you mean to install?
/app/apps/server:
 ERR_PNPM_RECURSIVE_RUN_FIRST_FAIL  @workspace/api-server@0.0.0 dev: `pnpm run build && pnpm run start`
Exit status 1
 WARN   Local package.json exists, but node_modules missing, did you mean to install?
